kangaroo alpha alpha alpha
karate alpha
kind alpha
kind alpha gamma
king alpha beta
knight alpha
